// Jest Snapshot v1, https://goo.gl/fbAQLP

exports[`Favorite should match snapshot for selected true 1`] = `
<ForwardRef
  onPress={[Function]}
>
  <Icon
    allowFontScaling={false}
    color="#EA464C"
    name="filled-heart"
    size={32}
    testID="icon"
  />
</ForwardRef>
`;
