// Jest Snapshot v1, https://goo.gl/fbAQLP

exports[`Slider should match snapshot 1`] = `
<ForwardRef(SliderComponent)
  disabled={false}
  inverted={false}
  maximumTrackTintColor="#C9D6DF"
  maximumValue={1}
  minimumTrackTintColor="#0084F8"
  minimumValue={0}
  onValueChange={[MockFunction]}
  step={0}
  style={
    Object {
      "borderWidth": 2,
      "transform": Array [
        Object {
          "scaleX": 2,
        },
        Object {
          "scaleY": 2,
        },
      ],
    }
  }
  thumbImage={
    Object {
      "testUri": "../../../packages/common/src/assets/images/round.png",
    }
  }
  thumbTintColor="#0084F8"
  value={0.5}
/>
`;
