// Jest Snapshot v1, https://goo.gl/fbAQLP

exports[`Video should match snapshot 1`] = `
<View
  style={
    Object {
      "flex": 1,
    }
  }
>
  <Video
    onEnd={[Function]}
    onFullScreen={false}
    onLoad={[Function]}
    onLoadStart={[Function]}
    onProgress={[Function]}
    paused={false}
    resizeMode="content"
    source={
      Object {
        "uri": "videoUrl",
      }
    }
    style={
      Object {
        "backgroundColor": "#000",
        "bottom": 0,
        "left": 0,
        "position": "absolute",
        "right": 0,
        "top": 0,
      }
    }
    volume={1}
  />
  <MediaControls
    duration={0}
    isFullScreen={false}
    isLoading={true}
    mainColor="#000"
    onFullScreen={[Function]}
    onPaused={[Function]}
    onReplay={[Function]}
    onSeek={[Function]}
    onSeeking={[Function]}
    playerState={0}
    progress={0}
  />
</View>
`;
