// Jest Snapshot v1, https://goo.gl/fbAQLP

exports[`Property Detail Screen should render snapshot 1`] = `
<AnimatedProfileHeader
  title="portfolio"
>
  <View
    style={
      Object {
        "alignItems": "center",
        "backgroundColor": "#FFFFFF",
        "borderBottomLeftRadius": 0,
        "borderBottomRightRadius": 0,
        "flexDirection": "row",
        "padding": 10,
      }
    }
  >
    <Icon
      allowFontScaling={false}
      color="#0084F8"
      name="left-arrow"
      onPress={[Function]}
      size={20}
      testID="icnBack"
    />
    <Text
      style={
        Object {
          "color": "#001B36",
          "marginLeft": 12,
        }
      }
      textType="semiBold"
      type="small"
    >
      propertyDetails
    </Text>
  </View>
  <withI18nextTranslation(AssetCard)
    assetData={
      Object {
        "assetStatusInfo": Object {
          "leaseTenantInfo": Object {},
          "leaseTransaction": Object {},
          "tag": Object {},
        },
        "asset_group": Object {
          "id": 1,
          "name": "Residential",
        },
        "asset_type": Object {
          "id": 5,
          "name": "Studio Apartment",
        },
        "attachments": Array [
          Object {
            "file_name": "prof.jpg",
            "is_cover_image": true,
            "link": "https://homzhub-bucket.s3.amazonaws.com/asset_images/8e8c48fc-c089-11ea-8247-34e12d38d70eprof.jpg",
            "media_attributes": Object {},
            "media_type": "IMAGE",
          },
        ],
        "block_number": "B",
        "carpet_area": 2500,
        "carpet_area_unit": Object {
          "id": 1,
          "label": "Square feet",
          "name": "SQ_FT",
          "title": "Sq.ft",
        },
        "construction_year": null,
        "description": "",
        "digital_id": "8fad8389-6893-411a-bd4a-4b1575523d4a",
        "floor_number": 2,
        "furnishing": "SEMI",
        "id": 5,
        "is_gated": null,
        "latitude": 25.6207722,
        "longitude": 85.1280892,
        "notifications": Object {
          "count": 5,
        },
        "progress_percentage": 74,
        "project_name": "House 2",
        "serviceTickets": Object {
          "count": 0,
        },
        "spaces": Array [
          Object {
            "count": 2,
            "id": 1,
            "name": "Bedroom",
          },
          Object {
            "count": 1,
            "id": 2,
            "name": "Bathroom",
          },
        ],
        "total_floors": 3,
        "unit_number": "103",
        "verification_documents": Array [],
        "verifications": Object {
          "description": "**What is this verification?**
Sed ut perspiciatis unde omnis iste natus error sit voluptatem
accusantium doloremque laudantium.

Nemo enim ipsam voluptatem quia voluptas sit aspernatur
aut odit aut fugit. Neque porro quisquam est,
qui dolorem ipsum quia dolor sit amet, consectetur, adipisci velit,
sed quia non numquam eius modi tempora incidunt ut labore et dolore
magnam aliquam quaerat voluptatem.",
          "verification_status": 2,
        },
      }
    }
    isDetailView={true}
  />
  <TopTabs />
</AnimatedProfileHeader>
`;
