// Jest Snapshot v1, https://goo.gl/fbAQLP

exports[`LeadRepository should post lease lead 1`] = `undefined`;

exports[`LeadRepository should post sale lead 1`] = `undefined`;
