// Jest Snapshot v1, https://goo.gl/fbAQLP

exports[`Add Record Screen should render snapshot 1`] = `
<Fragment>
  <Memo(AnimatedProfileHeader)
    title="financial"
  >
    <HeaderCard
      clear={0}
      onClearPress={[Function]}
      onIconPress={[Function]}
      renderItem={[Function]}
      subTitle="common:clear"
      title="addRecords"
    />
  </Memo(AnimatedProfileHeader)>
  <Loader
    visible={false}
  />
</Fragment>
`;
