// Jest Snapshot v1, https://goo.gl/fbAQLP

exports[`Financials Screen should render snapshot 1`] = `
<Fragment>
  <Memo(AnimatedProfileHeader)
    isOuterScrollEnabled={true}
    title="financial"
  >
    <Memo(AssetMetricsList)
      data={
        Array [
          Object {
            "colorGradient": Object {
              "hexColorA": "#61D773",
              "hexColorB": "#94EF90",
              "location": Array [
                0,
                1,
              ],
            },
            "count": "0/-",
            "currencySymbol": "INR",
            "label": "assetFinancial:income",
          },
          Object {
            "colorGradient": Object {
              "hexColorA": "#FDB113",
              "hexColorB": "#FFDB8F",
              "location": Array [
                0,
                1,
              ],
            },
            "count": "0/-",
            "currencySymbol": "INR",
            "label": "assetFinancial:expense",
          },
        ]
      }
      isSubTextRequired={false}
      numOfElements={2}
      onPlusIconClicked={[Function]}
      textStyle={
        Object {
          "color": "#FFFFFF",
          "textAlign": "center",
        }
      }
      title="assetFinancial:recordsText"
    />
    <Connect(withI18nextTranslation(FinanceOverview)) />
  </Memo(AnimatedProfileHeader)>
  <Loader
    visible={false}
  />
</Fragment>
`;
