// Jest Snapshot v1, https://goo.gl/fbAQLP

exports[`AddRecordForm should match snapshot 1`] = `
<View>
  <SelectionPicker
    data={
      Array [
        Object {
          "title": "income",
          "value": 1,
        },
        Object {
          "title": "expense",
          "value": 2,
        },
      ]
    }
    onValueChange={[Function]}
    selectedItem={
      Array [
        1,
      ]
    }
  />
  <Formik
    enableReinitialize={true}
    initialValues={
      Object {
        "amount": 0,
        "category": 0,
        "date": "2020-11-25",
        "label": "",
        "notes": "",
        "property": 0,
        "tellerName": "",
      }
    }
    onSubmit={[Function]}
    validate={[Function]}
  >
    <Component />
  </Formik>
</View>
`;
