// Jest Snapshot v1, https://goo.gl/fbAQLP

exports[`FinanceOverview should match snapshot 1`] = `
<View
  style={
    Object {
      "backgroundColor": "#FFFFFF",
      "borderRadius": 4,
      "flex": 1,
      "marginTop": 20,
      "padding": 12,
    }
  }
>
  <Text
    style={
      Object {
        "marginBottom": 16,
      }
    }
    textType="semiBold"
    type="small"
  >
    overallPerformance
  </Text>
  <SelectionPicker
    data={
      Array [
        Object {
          "title": "expenses",
          "value": 1,
        },
        Object {
          "title": "cashFlow",
          "value": 2,
        },
      ]
    }
    onValueChange={[Function]}
    optionWidth={347.5}
    selectedItem={
      Array [
        1,
      ]
    }
    testID="financeSelection"
  />
  <View
    style={
      Object {
        "alignItems": "center",
        "flexDirection": "row",
        "justifyContent": "space-between",
        "marginBottom": 24,
        "marginTop": 16,
      }
    }
  >
    <View
      style={
        Object {
          "flexDirection": "row",
        }
      }
    >
      <Icon
        allowFontScaling={false}
        name="calendar"
        size={22}
      />
      <Label
        style={
          Object {
            "color": "#4C5F72",
            "marginStart": 8,
          }
        }
        textType="semiBold"
        type="large"
      >
        Oct 2020
      </Label>
    </View>
    <Dropdown
      containerStyle={
        Object {
          "width": 140,
        }
      }
      data={
        Array [
          Object {
            "dataGroupBy": "MONTH",
            "endDate": "2020-10-31",
            "label": "common:thisMonth",
            "startDate": "2020-10-01",
            "value": 1,
          },
          Object {
            "dataGroupBy": "MONTH",
            "endDate": "2020-09-30",
            "label": "common:lastMonth",
            "startDate": "2020-09-01",
            "value": 2,
          },
          Object {
            "dataGroupBy": "YEAR",
            "endDate": "2020-10-13",
            "label": "common:thisYear",
            "startDate": "2020-01-01",
            "value": 3,
          },
          Object {
            "dataGroupBy": "YEAR",
            "endDate": "2021-03-31",
            "label": "common:thisFinancialYear",
            "startDate": "2020-04-01",
            "value": 4,
          },
          Object {
            "dataGroupBy": "YEAR",
            "endDate": "2019-12-31",
            "label": "common:lastYear",
            "startDate": "2019-01-01",
            "value": 5,
          },
        ]
      }
      iconColor="#0084F8"
      listHeight={667}
      onDonePress={[Function]}
      testID="drpTimeRange"
      value={1}
    />
  </View>
  <Memo(DonutGraph)
    data={Array []}
  />
</View>
`;
