// Jest Snapshot v1, https://goo.gl/fbAQLP

exports[`PendingPropertyListCard should match snapshot 1`] = `
<View
  style={
    Object {
      "backgroundColor": "#FFFFFF",
      "borderRadius": 4,
      "marginTop": 12,
      "padding": 16,
    }
  }
>
  <View
    style={
      Object {
        "alignItems": "center",
        "flexDirection": "row",
        "justifyContent": "space-between",
      }
    }
  >
    <View
      style={
        Object {
          "alignItems": "center",
          "flexDirection": "row",
          "height": 40,
        }
      }
    >
      <Icon
        allowFontScaling={false}
        name="warning"
        size={16}
      />
      <Text
        style={
          Object {
            "color": "#001B36",
            "marginLeft": 10,
          }
        }
        textType="semiBold"
        type="small"
      >
        pendingProperties
      </Text>
    </View>
  </View>
  <View
    style={
      Object {
        "marginVertical": 12,
      }
    }
  >
    <ShieldGroup
      isInfoRequired={true}
      propertyType="Apartment / Condo"
      propertyTypeStyle={
        Object {
          "color": "#33495E",
        }
      }
      text="It was popularised in the 1960s with the release of Letraset sheets."
    />
    <PropertyAddressCountry
      containerStyle={
        Object {
          "marginBottom": 6,
        }
      }
      subAddress=" "
    />
    <PropertyAmenities
      containerStyle={
        Object {
          "marginBottom": 20,
        }
      }
      data={
        Array [
          Object {
            "icon": "furnishing",
            "iconColor": "#33495E",
            "iconSize": 20,
            "label": "None",
          },
          Object {
            "icon": "open-parking",
            "iconColor": "#33495E",
            "iconSize": 20,
            "label": "-",
          },
          Object {
            "icon": "area",
            "iconColor": "#33495E",
            "iconSize": 20,
            "label": "-",
          },
        ]
      }
      direction="row"
    />
  </View>
</View>
`;
