// Jest Snapshot v1, https://goo.gl/fbAQLP

exports[`Property Details Item Component should render property details items component with data 1`] = `
<View
  style={
    Object {
      "marginHorizontal": 16,
      "maxWidth": 750,
    }
  }
>
  <ButtonGroup
    buttonItemStyle={
      Object {
        "paddingHorizontal": 12,
        "paddingVertical": 12,
      }
    }
    containerStyle={
      Object {
        "marginBottom": 28,
      }
    }
    data={
      Array [
        Object {
          "title": "Residential",
          "value": 0,
        },
        Object {
          "title": "Commercial",
          "value": 1,
        },
      ]
    }
    fontType="semiBold"
    onItemSelect={[Function]}
    selectedItem={0}
    testID="btngrpPropertyGroup"
    textSize="small"
    textType="text"
  />
  <ButtonGroup
    buttonItemStyle={
      Object {
        "marginBottom": 12,
      }
    }
    containerStyle={
      Object {
        "marginBottom": 28,
      }
    }
    data={
      Array [
        Object {
          "title": "Residential House",
          "value": 0,
        },
        Object {
          "title": "Apartment/Condo",
          "value": 1,
        },
        Object {
          "title": "Villa",
          "value": 2,
        },
        Object {
          "title": "Penthouse",
          "value": 3,
        },
        Object {
          "title": "Studio Apartment",
          "value": 4,
        },
        Object {
          "title": "Independent Floor",
          "value": 5,
        },
      ]
    }
    fontType="regular"
    onItemSelect={[Function]}
    selectedItem={0}
    testID="btngrpPropertyGroupType"
    textSize="regular"
    textType="label"
  />
  <View
    style={
      Object {
        "flexDirection": "column",
        "marginHorizontal": 10,
        "marginTop": 0,
      }
    }
  >
    <Text
      style={
        Object {
          "color": "#4C5F72",
          "marginBottom": 15,
        }
      }
      textType="semiBold"
      type="regular"
    >
      spaceAvailable
    </Text>
    <View
      key="Residential-0"
      style={
        Object {
          "flex": 1,
          "flexDirection": "row",
          "marginBottom": 10,
          "marginTop": 10,
        }
      }
    >
      <Label
        style={
          Object {
            "alignSelf": "center",
            "color": "#4C5F72",
            "flex": 0.8,
          }
        }
        textType="regular"
        type="large"
      >
        Room
      </Label>
      <HorizontalPicker
        key="Residential-0"
        onValueChange={[Function]}
        testID="ftlist"
        value={0}
      />
    </View>
  </View>
</View>
`;
