// Jest Snapshot v1, https://goo.gl/fbAQLP

exports[`CheckboxGroup should match snapshot 1`] = `
<FlatList
  contentContainerStyle={Object {}}
  data={
    Array [
      Object {
        "id": 1,
        "isSelected": true,
        "label": "Label 1",
      },
      Object {
        "id": 2,
        "isSelected": false,
        "label": "Label 2",
      },
    ]
  }
  disableVirtualization={false}
  horizontal={false}
  initialNumToRender={10}
  keyExtractor={[Function]}
  maxToRenderPerBatch={10}
  numColumns={2}
  onEndReachedThreshold={2}
  removeClippedSubviews={false}
  renderItem={[Function]}
  scrollEventThrottle={50}
  testID="ftlist"
  updateCellsBatchingPeriod={50}
  windowSize={21}
/>
`;

exports[`CheckboxGroup should match snapshot for numColumns 1`] = `
<FlatList
  contentContainerStyle={Object {}}
  data={
    Array [
      Object {
        "id": 1,
        "isSelected": true,
        "label": "Label 1",
      },
      Object {
        "id": 2,
        "isSelected": false,
        "label": "Label 2",
      },
    ]
  }
  disableVirtualization={false}
  horizontal={false}
  initialNumToRender={10}
  keyExtractor={[Function]}
  maxToRenderPerBatch={10}
  numColumns={2}
  onEndReachedThreshold={2}
  removeClippedSubviews={false}
  renderItem={[Function]}
  scrollEventThrottle={50}
  testID="ftlist"
  updateCellsBatchingPeriod={50}
  windowSize={21}
/>
`;

exports[`CheckboxGroup should render checkbox 1`] = `
<RNCheckbox
  containerStyle={
    Object {
      "flex": 1,
      "marginBottom": 20,
    }
  }
  label="Label 1"
  labelStyle={Object {}}
  onToggle={[Function]}
  selected={true}
  testID="checkbox"
/>
`;

exports[`CheckboxGroup should render checkbox without num columns value 1`] = `
<RNCheckbox
  containerStyle={
    Object {
      "flex": 1,
      "marginBottom": 20,
    }
  }
  label="Label 1"
  labelStyle={Object {}}
  onToggle={[Function]}
  selected={true}
  testID="checkbox"
/>
`;
