// Jest Snapshot v1, https://goo.gl/fbAQLP

exports[`Test cases for FormButton should render snapshot 1`] = `
<View
  accessible={true}
  focusable={false}
  onClick={[Function]}
  onResponderGrant={[Function]}
  onResponderMove={[Function]}
  onResponderRelease={[Function]}
  onResponderTerminate={[Function]}
  onResponderTerminationRequest={[Function]}
  onStartShouldSetResponder={[Function]}
  style={
    Object {
      "backgroundColor": "#0084F8",
      "borderRadius": 4,
      "opacity": 1,
    }
  }
/>
`;
