// Jest Snapshot v1, https://goo.gl/fbAQLP

exports[`PropertyAddressCountry should match snapshot 1`] = `
<View
  style={
    Array [
      Object {
        "flexDirection": "column",
        "justifyContent": "space-between",
      },
      Object {},
    ]
  }
>
  <View
    style={
      Object {
        "alignItems": "center",
        "flexDirection": "row",
      }
    }
  >
    <Image
      source={
        Object {
          "uri": "",
        }
      }
      style={
        Object {
          "borderRadius": 2,
          "height": 24,
          "width": 24,
        }
      }
    />
    <Typography
      fontWeight="semiBold"
      numberOfLines={1}
      size="regular"
      style={
        Array [
          Object {
            "alignItems": "center",
            "color": "#000",
            "justifyContent": "center",
            "marginHorizontal": 10,
            "width": 569.2307692307692,
          },
          undefined,
        ]
      }
      variant="text"
    >
      2 BHK
    </Typography>
  </View>
  <Typography
    fontWeight="regular"
    numberOfLines={2}
    size="small"
    style={
      Array [
        Object {
          "color": "#33495E",
          "marginVertical": 6,
        },
        undefined,
      ]
    }
    variant="text"
  >
    Delhi
  </Typography>
</View>
`;
