// Jest Snapshot v1, https://goo.gl/fbAQLP

exports[`CalendarComponent should match snapshot when isMonthView is false 1`] = `
CalendarComponent {
  "componentDidMount": [Function],
  "context": Object {},
  "getSelectedDate": [Function],
  "getYearsData": [Function],
  "handleBackPress": [Function],
  "handleMonthPress": [Function],
  "handleNextPress": [Function],
  "handleSelect": [Function],
  "handleYearPress": [Function],
  "onDayPress": [Function],
  "onSelectMonth": [Function],
  "onSelectYear": [Function],
  "props": Object {
    "onSelect": [MockFunction] {
      "calls": Array [
        Array [
          "",
        ],
      ],
      "results": Array [
        Object {
          "type": "return",
          "value": undefined,
        },
      ],
    },
    "selectedDate": "",
  },
  "refs": Object {},
  "renderCalendar": [Function],
  "renderHeader": [Function],
  "renderItem": [Function],
  "renderKeyExtractor": [Function],
  "renderListView": [Function],
  "setState": [Function],
  "state": Object {
    "day": "18",
    "isMonthView": false,
    "isYearView": false,
    "month": 6,
    "selectedDate": "",
    "year": "2021",
    "yearList": Array [
      "2021",
      "2022",
      "2023",
      "2024",
      "2025",
      "2026",
      "2027",
      "2028",
      "2029",
      "2030",
      "2031",
      "2032",
      "2033",
      "2034",
      "2035",
      "2036",
    ],
    "yearTitle": "2021 - 2036",
  },
  "updater": Updater {
    "_callbacks": Array [],
    "_renderer": ReactShallowRenderer {
      "_context": Object {},
      "_didScheduleRenderPhaseUpdate": false,
      "_dispatcher": Object {
        "readContext": [Function],
        "useCallback": [Function],
        "useContext": [Function],
        "useDebugValue": [Function],
        "useDeferredValue": [Function],
        "useEffect": [Function],
        "useImperativeHandle": [Function],
        "useLayoutEffect": [Function],
        "useMemo": [Function],
        "useReducer": [Function],
        "useRef": [Function],
        "useResponder": [Function],
        "useState": [Function],
        "useTransition": [Function],
      },
      "_element": <CalendarComponent
        onSelect={
          [MockFunction] {
            "calls": Array [
              Array [
                "",
              ],
            ],
            "results": Array [
              Object {
                "type": "return",
                "value": undefined,
              },
            ],
          }
        }
        selectedDate=""
      />,
      "_firstWorkInProgressHook": null,
      "_forcedUpdate": false,
      "_instance": [Circular],
      "_isReRender": false,
      "_newState": null,
      "_numberOfReRenders": 0,
      "_renderPhaseUpdates": null,
      "_rendered": <View>
        <CalendarHeader
          headerTitle="July 2021"
          headerYear="2021"
          isCurrentMonth={false}
          isMonthView={false}
          onBackPress={[Function]}
          onMonthPress={[Function]}
          onNextPress={[Function]}
          onYearPress={[Function]}
          yearTitle="2021 - 2036"
        />
        <React.Fragment>
          <Calendar
            current="Sun Jul 18 2021"
            enableSwipeMonths={false}
            hideArrows={true}
            markedDates={
              Object {
                "2021-01-18": Object {
                  "customStyles": Object {
                    "container": Object {
                      "backgroundColor": "#0084F8",
                      "borderRadius": 4,
                    },
                    "text": Object {
                      "color": "#FFFFFF",
                    },
                  },
                },
              }
            }
            markingType="custom"
            minDate={2021-01-17T21:05:14.112Z}
            onDayPress={[Function]}
            renderHeader={[Function]}
            style={
              Object {
                "height": 310,
              }
            }
            theme={Object {}}
          />
          <Button
            containerStyle={
              Object {
                "flex": 0,
                "margin": 16,
              }
            }
            disabled={true}
            onPress={[Function]}
            title="Select"
            type="primary"
          />
        </React.Fragment>
      </View>,
      "_rendering": false,
      "_updater": [Circular],
      "_workInProgressHook": null,
    },
  },
}
`;

exports[`CalendarComponent should match snapshot when isMonthView is true 1`] = `
<View>
  <CalendarHeader
    headerTitle="June 2020"
    headerYear="2020"
    isCurrentMonth={false}
    isMonthView={false}
    onBackPress={[Function]}
    onMonthPress={[Function]}
    onNextPress={[Function]}
    onYearPress={[Function]}
    yearTitle="2005 - 2020"
  />
  <Calendar
    current="2020-06-19"
    enableSwipeMonths={false}
    hideArrows={true}
    key="2020-06-19"
    markedDates={
      Object {
        "2020-06-19": Object {
          "customStyles": Object {
            "container": Object {
              "backgroundColor": "#0084F8",
              "borderRadius": 4,
            },
            "text": Object {
              "color": "#FFFFFF",
            },
          },
        },
      }
    }
    markingType="custom"
    minDate={2021-01-17T21:05:14.081Z}
    onDayPress={[Function]}
    renderHeader={[Function]}
    style={
      Object {
        "height": 310,
      }
    }
    theme={Object {}}
  />
  <Button
    containerStyle={
      Object {
        "flex": 0,
        "margin": 16,
      }
    }
    disabled={false}
    onPress={[Function]}
    title="Select"
    type="primary"
  />
</View>
`;
