// Jest Snapshot v1, https://goo.gl/fbAQLP

exports[`CardBody should match snapshot 1`] = `
<withI18nextTranslation(CardBody)
  badgeTitle="label"
  description="card body"
  isDetailView={true}
  serviceCost="Free"
  title="card"
>
  <CardBody
    badgeTitle="label"
    description="card body"
    i18n={Object {}}
    isDetailView={true}
    serviceCost="Free"
    t={[Function]}
    tReady={false}
    title="card"
  >
    <View
      style={
        Object {
          "paddingHorizontal": 24,
        }
      }
    >
      <View
        style={
          Object {
            "paddingHorizontal": 24,
          }
        }
      >
        <Badge
          badgeColor="#FBC02D"
          badgeStyle={
            Object {
              "alignSelf": "flex-start",
              "marginBottom": 12,
            }
          }
          title="label"
        >
          <View
            style={
              Array [
                Object {
                  "borderRadius": 2,
                  "paddingHorizontal": 6,
                },
                Object {
                  "alignSelf": "flex-start",
                  "marginBottom": 12,
                },
                Object {
                  "backgroundColor": "#FBC02D",
                },
              ]
            }
          >
            <View
              style={
                Array [
                  Object {
                    "borderRadius": 2,
                    "paddingHorizontal": 6,
                  },
                  Object {
                    "alignSelf": "flex-start",
                    "marginBottom": 12,
                  },
                  Object {
                    "backgroundColor": "#FBC02D",
                  },
                ]
              }
            >
              <Label
                style={
                  Object {
                    "alignSelf": "center",
                    "color": "#FFFFFF",
                  }
                }
                type="regular"
              >
                <Text
                  style={
                    Array [
                      Object {
                        "fontSize": 12,
                        "lineHeight": 18,
                        "textAlign": "left",
                      },
                      Object {
                        "fontFamily": "OpenSans-Regular",
                        "fontWeight": "400",
                      },
                      Object {
                        "alignSelf": "center",
                        "color": "#FFFFFF",
                      },
                    ]
                  }
                >
                  <Text
                    style={
                      Array [
                        Object {
                          "fontSize": 12,
                          "lineHeight": 18,
                          "textAlign": "left",
                        },
                        Object {
                          "fontFamily": "OpenSans-Regular",
                          "fontWeight": "400",
                        },
                        Object {
                          "alignSelf": "center",
                          "color": "#FFFFFF",
                        },
                      ]
                    }
                  >
                    label
                  </Text>
                </Text>
              </Label>
            </View>
          </View>
        </Badge>
        <Text
          style={
            Object {
              "color": "#19324A",
            }
          }
          textType="semiBold"
          type="regular"
        >
          <Text
            style={
              Array [
                Object {
                  "fontSize": 20,
                  "lineHeight": 30,
                  "textAlign": "left",
                },
                Object {
                  "fontFamily": "OpenSans-SemiBold",
                  "fontWeight": "600",
                },
                Object {
                  "color": "#19324A",
                },
              ]
            }
          >
            <Text
              style={
                Array [
                  Object {
                    "fontSize": 20,
                    "lineHeight": 30,
                    "textAlign": "left",
                  },
                  Object {
                    "fontFamily": "OpenSans-SemiBold",
                    "fontWeight": "600",
                  },
                  Object {
                    "color": "#19324A",
                  },
                ]
              }
            >
              card
            </Text>
          </Text>
        </Text>
        <Label
          style={
            Object {
              "color": "#33495E",
              "marginTop": 6,
            }
          }
          textType="regular"
          type="large"
        >
          <Text
            style={
              Array [
                Object {
                  "fontSize": 14,
                  "lineHeight": 22,
                  "textAlign": "left",
                },
                Object {
                  "fontFamily": "OpenSans-Regular",
                  "fontWeight": "400",
                },
                Object {
                  "color": "#33495E",
                  "marginTop": 6,
                },
              ]
            }
          >
            <Text
              style={
                Array [
                  Object {
                    "fontSize": 14,
                    "lineHeight": 22,
                    "textAlign": "left",
                  },
                  Object {
                    "fontFamily": "OpenSans-Regular",
                    "fontWeight": "400",
                  },
                  Object {
                    "color": "#33495E",
                    "marginTop": 6,
                  },
                ]
              }
            >
              card body
            </Text>
          </Text>
        </Label>
      </View>
    </View>
    <View
      style={
        Object {
          "backgroundColor": "#F0F5F9",
          "marginTop": 12,
          "paddingHorizontal": 24,
          "paddingVertical": 12,
        }
      }
    >
      <View
        style={
          Object {
            "backgroundColor": "#F0F5F9",
            "marginTop": 12,
            "paddingHorizontal": 24,
            "paddingVertical": 12,
          }
        }
      >
        <Label
          style={
            Object {
              "color": "#4C5F72",
            }
          }
          textType="regular"
          type="regular"
        >
          <Text
            style={
              Array [
                Object {
                  "fontSize": 12,
                  "lineHeight": 18,
                  "textAlign": "left",
                },
                Object {
                  "fontFamily": "OpenSans-Regular",
                  "fontWeight": "400",
                },
                Object {
                  "color": "#4C5F72",
                },
              ]
            }
          >
            <Text
              style={
                Array [
                  Object {
                    "fontSize": 12,
                    "lineHeight": 18,
                    "textAlign": "left",
                  },
                  Object {
                    "fontFamily": "OpenSans-Regular",
                    "fontWeight": "400",
                  },
                  Object {
                    "color": "#4C5F72",
                  },
                ]
              }
            >
              totalServiceFee
            </Text>
          </Text>
        </Label>
        <View
          style={
            Object {
              "flexDirection": "row",
              "justifyContent": "space-between",
            }
          }
        >
          <View
            style={
              Object {
                "flexDirection": "row",
                "justifyContent": "space-between",
              }
            }
          >
            <Text
              style={
                Object {
                  "color": "#001B36",
                  "paddingTop": 6,
                }
              }
              textType="light"
              type="large"
            >
              <Text
                style={
                  Array [
                    Object {
                      "fontSize": 24,
                      "lineHeight": 24,
                      "textAlign": "left",
                    },
                    Object {
                      "fontFamily": "OpenSans-Light",
                      "fontWeight": "300",
                    },
                    Object {
                      "color": "#001B36",
                      "paddingTop": 6,
                    },
                  ]
                }
              >
                <Text
                  style={
                    Array [
                      Object {
                        "fontSize": 24,
                        "lineHeight": 24,
                        "textAlign": "left",
                      },
                      Object {
                        "fontFamily": "OpenSans-Light",
                        "fontWeight": "300",
                      },
                      Object {
                        "color": "#001B36",
                        "paddingTop": 6,
                      },
                    ]
                  }
                >
                  Free
                </Text>
              </Text>
            </Text>
            <Icon
              allowFontScaling={false}
              color="#0084F8"
              name="info"
              size={22}
            >
              <Text
                allowFontScaling={false}
                style={
                  Array [
                    Object {
                      "color": "#0084F8",
                      "fontSize": 22,
                    },
                    undefined,
                    Object {
                      "fontFamily": "icomoon",
                      "fontStyle": "normal",
                      "fontWeight": "normal",
                    },
                    Object {},
                  ]
                }
              >
                <Text
                  allowFontScaling={false}
                  style={
                    Array [
                      Object {
                        "color": "#0084F8",
                        "fontSize": 22,
                      },
                      undefined,
                      Object {
                        "fontFamily": "icomoon",
                        "fontStyle": "normal",
                        "fontWeight": "normal",
                      },
                      Object {},
                    ]
                  }
                >
                  
                </Text>
              </Text>
            </Icon>
          </View>
        </View>
      </View>
    </View>
  </CardBody>
</withI18nextTranslation(CardBody)>
`;
