// Jest Snapshot v1, https://goo.gl/fbAQLP

exports[`LeaseDetailsForm should match snapshot 1`] = `
<Fragment>
  <Formik
    enableReinitialize={true}
    initialValues={
      Object {
        "annualIncrement": "",
        "availableFrom": "2020-09-08",
        "furnishingStatus": "NONE",
        "maintenanceAmount": "",
        "maintenanceBy": "OWNER",
        "maintenanceSchedule": "ANNUALLY",
        "minimumLeasePeriod": 11,
        "monthlyRent": "",
        "securityDeposit": "",
        "showMore": false,
        "utilityBy": "TENANT",
      }
    }
    isInitialValid={false}
    onSubmit={[Function]}
    validate={[Function]}
    validateOnBlur={true}
    validateOnChange={true}
  >
    <Component />
  </Formik>
</Fragment>
`;
