// Jest Snapshot v1, https://goo.gl/fbAQLP

exports[`Blank Screen should render the Blank screen 1`] = `
<View
  style={
    Object {
      "alignItems": "center",
      "flex": 1,
      "justifyContent": "center",
    }
  }
>
  <Text>
    Blank Screen
  </Text>
</View>
`;
