// Jest Snapshot v1, https://goo.gl/fbAQLP

exports[`Property Details Screen Component should render property details screen 1`] = `
<Connect(withI18nextTranslation(PropertyDetails))
  getPropertyDetails={[MockFunction]}
  getPropertyDetailsById={[MockFunction]}
  navigation={
    Object {
      "navigate": [MockFunction],
    }
  }
  property={
    Array [
      Object {
        "id": 1,
        "name": "Residential",
        "property_types": Array [
          Object {
            "id": 1,
            "name": "Residential House",
          },
          Object {
            "id": 2,
            "name": "Apartment/Condo",
          },
          Object {
            "id": 3,
            "name": "Villa",
          },
          Object {
            "id": 4,
            "name": "Penthouse",
          },
          Object {
            "id": 5,
            "name": "Studio Apartment",
          },
          Object {
            "id": 6,
            "name": "Independent Floor",
          },
        ],
      },
      Object {
        "id": 2,
        "name": "Commercial",
        "property_types": Array [
          Object {
            "id": 1,
            "name": "Commercial Office Space",
          },
          Object {
            "id": 2,
            "name": "Office in IT park/SEZ",
          },
          Object {
            "id": 3,
            "name": "Commercial Showroom",
          },
          Object {
            "id": 4,
            "name": "Warehouse/Godown",
          },
        ],
      },
    ]
  }
  spaceAvailable={
    Array [
      Object {
        "id": 1,
        "name": "Room",
      },
      Object {
        "id": 2,
        "name": "Balcony",
      },
      Object {
        "id": 3,
        "name": "Bathroom",
      },
    ]
  }
/>
`;
