// Jest Snapshot v1, https://goo.gl/fbAQLP

exports[`Asset Notifications Screen should render snapshot 1`] = `
<AnimatedProfileHeader
  title="dashboard"
>
  <View
    style={
      Object {
        "alignItems": "center",
        "backgroundColor": "#FFFFFF",
        "borderBottomLeftRadius": 0,
        "borderBottomRightRadius": 0,
        "borderRadius": 4,
        "flexDirection": "row",
        "justifyContent": "flex-start",
        "padding": 10,
      }
    }
  >
    <Icon
      allowFontScaling={false}
      color="#0084F8"
      name="left-arrow"
      onPress={[Function]}
      size={20}
      testID="icnBack"
    />
    <Text
      style={
        Object {
          "color": "#001B36",
          "marginLeft": 12,
        }
      }
      textType="semiBold"
      type="small"
    >
      notification
    </Text>
  </View>
  <View
    style={
      Object {
        "backgroundColor": "#FFFFFF",
      }
    }
  >
    <SearchBar
      containerStyle={
        Object {
          "margin": 16,
        }
      }
      placeholder="searchByKeyword"
      updateValue={[Function]}
      value=""
    />
    <NotificationBox
      data={
        Array [
          Object {
            "description": "Computerized Tomography (CT Scan) of Left Forearm",
            "id": 1,
            "is_read": true,
            "posted_at": "2020-09-02 13:30:00",
            "project_name": "Green Ridge",
            "user": "Riki Abad",
          },
          Object {
            "description": "Bypass Left Axillary Artery to Upper Arm Vein with Autologous Venous Tissue, Open Approach",
            "id": 2,
            "is_read": false,
            "posted_at": "2020-06-26 20:15:29",
            "project_name": "Grim",
            "user": "Teresina Quartly",
          },
          Object {
            "description": "Drainage of Right Lacrimal Duct with Drainage Device, Via Natural or Artificial Opening Endoscopic",
            "id": 3,
            "is_read": false,
            "posted_at": "2019-10-25 07:03:31",
            "project_name": "4th",
            "user": "Rey Solan",
          },
          Object {
            "description": "Fusion of Occipital-cervical Joint with Synthetic Substitute, Posterior Approach, Anterior Column, Percutaneous Approach",
            "id": 4,
            "is_read": false,
            "posted_at": "2020-07-25 11:27:09",
            "project_name": "Sage",
            "user": "Kari Curm",
          },
          Object {
            "description": "Dilation of Right Internal Mammary Artery with Two Drug-eluting Intraluminal Devices, Open Approach",
            "id": 5,
            "is_read": false,
            "posted_at": "2019-12-07 01:41:01",
            "project_name": "Farwell",
            "user": "Barnett Prew",
          },
          Object {
            "description": "Extirpation of Matter from Left Lower Leg Skin, External Approach",
            "id": 6,
            "is_read": false,
            "posted_at": "2020-03-27 14:50:29",
            "project_name": "Hayes",
            "user": "Robers Oldnall",
          },
          Object {
            "description": "Excision of Right Shoulder Tendon, Open Approach, Diagnostic",
            "id": 7,
            "is_read": true,
            "posted_at": "2020-06-21 10:30:38",
            "project_name": "Kinsman",
            "user": "Sammy Maven",
          },
          Object {
            "description": "Insertion of Intraluminal Device into Right Peroneal Artery, Percutaneous Endoscopic Approach",
            "id": 8,
            "is_read": true,
            "posted_at": "2019-10-14 06:03:34",
            "project_name": "Bellgrove",
            "user": "Pearl Lambard",
          },
          Object {
            "description": "Insertion of Intraluminal Device into Left Common Iliac Vein, Percutaneous Endoscopic Approach",
            "id": 9,
            "is_read": true,
            "posted_at": "2020-06-07 13:47:35",
            "project_name": "Bayside",
            "user": "Samuele Thorogood",
          },
          Object {
            "description": "Dilation of Abdominal Aorta, Bifurcation, with Three Drug-eluting Intraluminal Devices, Percutaneous Endoscopic Approach",
            "id": 10,
            "is_read": true,
            "posted_at": "2020-01-02 21:07:56",
            "project_name": "Pennsylvania",
            "user": "Riva Ranshaw",
          },
          Object {
            "description": "Control Bleeding in Right Upper Extremity, Percutaneous Approach",
            "id": 11,
            "is_read": false,
            "posted_at": "2019-09-05 10:44:13",
            "project_name": "Ridge Oak",
            "user": "Wanda McNulty",
          },
          Object {
            "description": "Change Drainage Device in Left Upper Extremity, External Approach",
            "id": 12,
            "is_read": true,
            "posted_at": "2020-07-19 12:53:43",
            "project_name": "Gina",
            "user": "Nari Pigne",
          },
          Object {
            "description": "Repair Left Trunk Tendon, Open Approach",
            "id": 13,
            "is_read": false,
            "posted_at": "2020-06-02 03:01:52",
            "project_name": "Hauk",
            "user": "Goldie Shiel",
          },
          Object {
            "description": "Bypass Middle Esophagus to Stomach with Nonautologous Tissue Substitute, Via Natural or Artificial Opening Endoscopic",
            "id": 14,
            "is_read": true,
            "posted_at": "2019-11-29 13:51:01",
            "project_name": "Donald",
            "user": "Fredericka Brosoli",
          },
          Object {
            "description": "Bypass Right External Iliac Artery to Left External Iliac Artery with Autologous Venous Tissue, Percutaneous Endoscopic Approach",
            "id": 15,
            "is_read": false,
            "posted_at": "2020-04-30 17:49:08",
            "project_name": "Alpine",
            "user": "Lucie Onthank",
          },
          Object {
            "description": "Revision of Nonautologous Tissue Substitute in Right Auditory Ossicle, Via Natural or Artificial Opening Endoscopic",
            "id": 16,
            "is_read": false,
            "posted_at": "2020-01-25 19:51:28",
            "project_name": "Eastwood",
            "user": "Michaela Tyne",
          },
          Object {
            "description": "Reposition Left Maxilla, Open Approach",
            "id": 17,
            "is_read": true,
            "posted_at": "2020-06-09 03:52:00",
            "project_name": "Miller",
            "user": "Arel Redrup",
          },
          Object {
            "description": "Drainage of Right Tarsal, Percutaneous Endoscopic Approach, Diagnostic",
            "id": 18,
            "is_read": true,
            "posted_at": "2020-07-20 05:44:35",
            "project_name": "Anzinger",
            "user": "Coralyn Gush",
          },
          Object {
            "description": "Repair Abducens Nerve, Percutaneous Endoscopic Approach",
            "id": 19,
            "is_read": true,
            "posted_at": "2020-03-21 14:52:35",
            "project_name": "2nd",
            "user": "Gladys Simone",
          },
          Object {
            "description": "Dilation of Left Vertebral Artery, Bifurcation, with Three Drug-eluting Intraluminal Devices, Percutaneous Endoscopic Approach",
            "id": 20,
            "is_read": true,
            "posted_at": "2020-06-25 01:10:45",
            "project_name": "Farwell",
            "user": "Irina Mc Gaughey",
          },
          Object {
            "description": "Repair Right Upper Arm Skin, External Approach",
            "id": 21,
            "is_read": false,
            "posted_at": "2019-12-01 16:41:39",
            "project_name": "Union",
            "user": "Cristian Mochar",
          },
          Object {
            "description": "Removal of Synthetic Substitute from Left Ear, Percutaneous Endoscopic Approach",
            "id": 22,
            "is_read": false,
            "posted_at": "2020-05-22 14:12:32",
            "project_name": "Mcbride",
            "user": "Sofia Petran",
          },
          Object {
            "description": "Replacement of Left Tarsal with Autologous Tissue Substitute, Percutaneous Approach",
            "id": 23,
            "is_read": false,
            "posted_at": "2019-11-25 03:18:03",
            "project_name": "Trailsway",
            "user": "Odell Mates",
          },
          Object {
            "description": "Extraction of Right Sphenoid Sinus, Percutaneous Endoscopic Approach",
            "id": 24,
            "is_read": false,
            "posted_at": "2020-01-25 04:45:00",
            "project_name": "Stephen",
            "user": "Bari Duffield",
          },
          Object {
            "description": "Change Traction Apparatus on Left Lower Leg",
            "id": 25,
            "is_read": false,
            "posted_at": "2020-08-30 09:30:15",
            "project_name": "Northwestern",
            "user": "Naomi Christoffels",
          },
        ]
      }
      onPress={[Function]}
    />
  </View>
</AnimatedProfileHeader>
`;
