// Jest Snapshot v1, https://goo.gl/fbAQLP

exports[`Forgot Password Screen should render forgot password screen 1`] = `
<View
  style={
    Object {
      "backgroundColor": "#FFFFFF",
      "flex": 1,
    }
  }
>
  <DetailedHeader
    headerContainerStyle={
      Object {
        "borderBottomWidth": 0,
      }
    }
    icon="close"
    onIconPress={[Function]}
    subTitle="auth:forgotPasswordDescription"
    title="auth:forgotPassword"
  />
  <View
    style={
      Object {
        "paddingHorizontal": 24,
        "paddingVertical": 16,
      }
    }
  >
    <Formik
      enableReinitialize={false}
      initialValues={
        Object {
          "email": "",
        }
      }
      isInitialValid={false}
      onSubmit={[Function]}
      validate={[Function]}
      validateOnBlur={true}
      validateOnChange={true}
    >
      <Component />
    </Formik>
    <Text
      onPress={[Function]}
      style={
        Object {
          "alignSelf": "center",
          "color": "#0084F8",
        }
      }
      testID="txtLogin"
      textType="semiBold"
      type="small"
    >
      auth:backToLogin
    </Text>
  </View>
</View>
`;
