// Jest Snapshot v1, https://goo.gl/fbAQLP

exports[`Login Screen should render login screen 1`] = `
<AnimatedHeader
  linkText="auth:signup"
  onIconPress={[Function]}
  onLinkPress={[Function]}
  subTitle="auth:newAroundHere"
  testID="headerEvents"
  title="login"
>
  <withI18nextTranslation(LoginForm)
    onLoginSuccess={[Function]}
    testID="loginForm"
  />
  <Connect(withI18nextTranslation(SocialMediaComponent))
    isFromLogin={true}
    navigation={
      Object {
        "goBack": [MockFunction],
        "navigate": [MockFunction],
      }
    }
    onEmailLogin={[Function]}
    testID="socialEmailLogin"
  />
</AnimatedHeader>
`;
