// Jest Snapshot v1, https://goo.gl/fbAQLP

exports[`Reset Password Screen should render reset password screen 1`] = `
<View
  style={
    Object {
      "backgroundColor": "#FFFFFF",
      "flex": 1,
    }
  }
>
  <DetailedHeader
    headerContainerStyle={
      Object {
        "borderBottomWidth": 0,
      }
    }
    icon="close"
    onIconPress={[Function]}
    subTitle="auth:resetPassword"
    subTitleColor="#001B36"
    subTitleType="large"
    testID="headerIconPress"
  />
  <View
    style={
      Object {
        "paddingHorizontal": 24,
      }
    }
  >
    <Formik
      initialValues={
        Object {
          "password": "",
        }
      }
      onSubmit={[Function]}
      validate={[Function]}
    >
      <Component />
    </Formik>
  </View>
</View>
`;
